

================================================================
== Vivado HLS Report for 'rayTI'
================================================================
* Date:           Mon Oct 12 12:09:09 2020

* Version:        2020.1 (Build 2897737 on Wed May 27 20:21:37 MDT 2020)
* Project:        RayTriangleIntersection
* Solution:       BaseSolution
* Product family: zynq
* Target device:  xc7z020-clg484-1


================================================================
== Performance Estimates
================================================================
+ Timing: 
    * Summary: 
    +--------+----------+----------+------------+
    |  Clock |  Target  | Estimated| Uncertainty|
    +--------+----------+----------+------------+
    |ap_clk  | 10.00 ns | 8.750 ns |   1.25 ns  |
    +--------+----------+----------+------------+

+ Latency: 
    * Summary: 
    +---------+---------+----------+----------+-----+-----+---------+
    |  Latency (cycles) |  Latency (absolute) |  Interval | Pipeline|
    |   min   |   max   |    min   |    max   | min | max |   Type  |
    +---------+---------+----------+----------+-----+-----+---------+
    |       75|      184| 0.750 us | 1.840 us |   75|  184|   none  |
    +---------+---------+----------+----------+-----+-----+---------+

    + Detail: 
        * Instance: 
        +---------------------------+----------------+---------+---------+----------+----------+-----+-----+---------+
        |                           |                |  Latency (cycles) |  Latency (absolute) |  Interval | Pipeline|
        |          Instance         |     Module     |   min   |   max   |    min   |    max   | min | max |   Type  |
        +---------------------------+----------------+---------+---------+----------+----------+-----+-----+---------+
        |grp_crossProduct_1_fu_335  |crossProduct_1  |       18|       18| 0.180 us | 0.180 us |   18|   18|   none  |
        |grp_dotProduct_2_fu_347    |dotProduct_2    |       22|       22| 0.220 us | 0.220 us |   22|   22|   none  |
        |grp_operator_1_fu_359      |operator_1      |       17|       17| 0.170 us | 0.170 us |   17|   17|   none  |
        |grp_operator_sub_fu_371    |operator_sub    |       14|       14| 0.140 us | 0.140 us |   14|   14|   none  |
        +---------------------------+----------------+---------+---------+----------+----------+-----+-----+---------+

        * Loop: 
        N/A



================================================================
== Utilization Estimates
================================================================
* Summary: 
+-----------------+---------+-------+--------+-------+-----+
|       Name      | BRAM_18K| DSP48E|   FF   |  LUT  | URAM|
+-----------------+---------+-------+--------+-------+-----+
|DSP              |        -|      -|       -|      -|    -|
|Expression       |        -|      -|       0|    173|    -|
|FIFO             |        -|      -|       -|      -|    -|
|Instance         |        6|     60|    8574|  13548|    -|
|Memory           |        -|      -|       -|      -|    -|
|Multiplexer      |        -|      -|       -|   1359|    -|
|Register         |        -|      -|    1541|      -|    -|
+-----------------+---------+-------+--------+-------+-----+
|Total            |        6|     60|   10115|  15080|    0|
+-----------------+---------+-------+--------+-------+-----+
|Available        |      280|    220|  106400|  53200|    0|
+-----------------+---------+-------+--------+-------+-----+
|Utilization (%)  |        2|     27|       9|     28|    0|
+-----------------+---------+-------+--------+-------+-----+

+ Detail: 
    * Instance: 
    +-------------------------------+-----------------------------+---------+-------+------+------+-----+
    |            Instance           |            Module           | BRAM_18K| DSP48E|  FF  |  LUT | URAM|
    +-------------------------------+-----------------------------+---------+-------+------+------+-----+
    |grp_crossProduct_1_fu_335      |crossProduct_1               |        0|     24|  1876|  3259|    0|
    |grp_dotProduct_2_fu_347        |dotProduct_2                 |        0|      8|   738|  1253|    0|
    |grp_operator_1_fu_359          |operator_1                   |        0|      2|   575|   608|    0|
    |grp_operator_sub_fu_371        |operator_sub                 |        0|      2|   572|   606|    0|
    |rayTI_faddfsub_32eOg_U47       |rayTI_faddfsub_32eOg         |        0|      2|   205|   390|    0|
    |rayTI_fcmp_32ns_3g8j_U57       |rayTI_fcmp_32ns_3g8j         |        0|      0|    66|   239|    0|
    |rayTI_fcmp_32ns_3g8j_U58       |rayTI_fcmp_32ns_3g8j         |        0|      0|    66|   239|    0|
    |rayTI_fdiv_32ns_3fYi_U56       |rayTI_fdiv_32ns_3fYi         |        0|      0|   761|   994|    0|
    |rayTI_fmul_32ns_3cud_U50       |rayTI_fmul_32ns_3cud         |        0|      3|   143|   321|    0|
    |rayTI_fmul_32ns_3cud_U51       |rayTI_fmul_32ns_3cud         |        0|      3|   143|   321|    0|
    |rayTI_fmul_32ns_3cud_U52       |rayTI_fmul_32ns_3cud         |        0|      3|   143|   321|    0|
    |rayTI_fmul_32ns_3cud_U53       |rayTI_fmul_32ns_3cud         |        0|      3|   143|   321|    0|
    |rayTI_fmul_32ns_3cud_U54       |rayTI_fmul_32ns_3cud         |        0|      3|   143|   321|    0|
    |rayTI_fmul_32ns_3cud_U55       |rayTI_fmul_32ns_3cud         |        0|      3|   143|   321|    0|
    |rayTI_fsub_32ns_3bkb_U48       |rayTI_fsub_32ns_3bkb         |        0|      2|   205|   390|    0|
    |rayTI_fsub_32ns_3bkb_U49       |rayTI_fsub_32ns_3bkb         |        0|      2|   205|   390|    0|
    |rayTI_ray_bundle_m_axi_U       |rayTI_ray_bundle_m_axi       |        2|      0|   512|   580|    0|
    |rayTI_res_bundle_m_axi_U       |rayTI_res_bundle_m_axi       |        2|      0|   512|   580|    0|
    |rayTI_ret_bundle_s_axi_U       |rayTI_ret_bundle_s_axi       |        0|      0|   911|  1514|    0|
    |rayTI_triangle_bundle_m_axi_U  |rayTI_triangle_bundle_m_axi  |        2|      0|   512|   580|    0|
    +-------------------------------+-----------------------------+---------+-------+------+------+-----+
    |Total                          |                             |        6|     60|  8574| 13548|    0|
    +-------------------------------+-----------------------------+---------+-------+------+------+-----+

    * DSP48E: 
    N/A

    * Memory: 
    N/A

    * FIFO: 
    N/A

    * Expression: 
    +--------------------------------------+----------+-------+---+----+------------+------------+
    |             Variable Name            | Operation| DSP48E| FF| LUT| Bitwidth P0| Bitwidth P1|
    +--------------------------------------+----------+-------+---+----+------------+------------+
    |and_ln42_1_fu_806_p2                  |    and   |      0|  0|   2|           1|           1|
    |and_ln42_fu_812_p2                    |    and   |      0|  0|   2|           1|           1|
    |and_ln53_fu_872_p2                    |    and   |      0|  0|   2|           1|           1|
    |and_ln60_1_fu_954_p2                  |    and   |      0|  0|   2|           1|           1|
    |and_ln60_fu_914_p2                    |    and   |      0|  0|   2|           1|           1|
    |and_ln65_fu_994_p2                    |    and   |      0|  0|   2|           1|           1|
    |ap_block_state97                      |    and   |      0|  0|   2|           1|           1|
    |ap_predicate_op405_writeresp_state97  |    and   |      0|  0|   2|           1|           1|
    |icmp_ln42_1_fu_794_p2                 |   icmp   |      0|  0|  18|          23|           1|
    |icmp_ln42_fu_788_p2                   |   icmp   |      0|  0|  11|           8|           2|
    |icmp_ln53_1_fu_854_p2                 |   icmp   |      0|  0|  18|          23|           1|
    |icmp_ln53_fu_848_p2                   |   icmp   |      0|  0|  11|           8|           2|
    |icmp_ln60_1_fu_902_p2                 |   icmp   |      0|  0|  18|          23|           1|
    |icmp_ln60_2_fu_938_p2                 |   icmp   |      0|  0|  11|           8|           2|
    |icmp_ln60_3_fu_944_p2                 |   icmp   |      0|  0|  18|          23|           1|
    |icmp_ln60_fu_896_p2                   |   icmp   |      0|  0|  11|           8|           2|
    |icmp_ln65_1_fu_984_p2                 |   icmp   |      0|  0|  18|          23|           1|
    |icmp_ln65_fu_978_p2                   |   icmp   |      0|  0|  11|           8|           2|
    |or_ln42_fu_800_p2                     |    or    |      0|  0|   2|           1|           1|
    |or_ln53_1_fu_866_p2                   |    or    |      0|  0|   2|           1|           1|
    |or_ln53_fu_860_p2                     |    or    |      0|  0|   2|           1|           1|
    |or_ln60_1_fu_950_p2                   |    or    |      0|  0|   2|           1|           1|
    |or_ln60_fu_908_p2                     |    or    |      0|  0|   2|           1|           1|
    |or_ln65_fu_990_p2                     |    or    |      0|  0|   2|           1|           1|
    +--------------------------------------+----------+-------+---+----+------------+------------+
    |Total                                 |          |      0|  0| 173|         169|          29|
    +--------------------------------------+----------+-------+---+----+------------+------------+

    * Multiplexer: 
    +-------------------------------------------+-----+-----------+-----+-----------+
    |                    Name                   | LUT | Input Size| Bits| Total Bits|
    +-------------------------------------------+-----+-----------+-----+-----------+
    |ap_NS_fsm                                  |  433|         98|    1|         98|
    |ap_phi_mux_p_0_phi_fu_322_p8               |    9|          2|    1|          2|
    |grp_fu_385_opcode                          |   15|          3|    2|          6|
    |grp_fu_385_p0                              |   27|          5|   32|        160|
    |grp_fu_385_p1                              |   27|          5|   32|        160|
    |grp_fu_397_p0                              |   44|          9|   32|        288|
    |grp_fu_397_p1                              |   33|          6|   32|        192|
    |grp_fu_401_p0                              |   27|          5|   32|        160|
    |grp_fu_401_p1                              |   21|          4|   32|        128|
    |grp_fu_405_p0                              |   15|          3|   32|         96|
    |grp_fu_405_p1                              |   15|          3|   32|         96|
    |grp_fu_426_opcode                          |   15|          3|    5|         15|
    |grp_fu_426_p0                              |   27|          5|   32|        160|
    |grp_fu_426_p1                              |   21|          4|   32|        128|
    |grp_fu_431_opcode                          |   15|          3|    5|         15|
    |grp_fu_431_p0                              |   15|          3|   32|         96|
    |grp_fu_431_p1                              |   15|          3|   32|         96|
    |grp_operator_1_fu_359_Vec3_float_x_offset  |   15|          3|   30|         90|
    |grp_operator_1_fu_359_Vec3_float_y_offset  |   15|          3|   30|         90|
    |grp_operator_1_fu_359_Vec3_float_z_offset  |   15|          3|   30|         90|
    |p_0_reg_318                                |    9|          2|    1|          2|
    |ray_bundle_ARADDR                          |   21|          4|   32|        128|
    |ray_bundle_ARBURST                         |   21|          4|    2|          8|
    |ray_bundle_ARCACHE                         |   21|          4|    4|         16|
    |ray_bundle_ARID                            |   21|          4|    1|          4|
    |ray_bundle_ARLEN                           |   21|          4|   32|        128|
    |ray_bundle_ARLOCK                          |   21|          4|    2|          8|
    |ray_bundle_ARPROT                          |   21|          4|    3|         12|
    |ray_bundle_ARQOS                           |   21|          4|    4|         16|
    |ray_bundle_ARREGION                        |   21|          4|    4|         16|
    |ray_bundle_ARSIZE                          |   21|          4|    3|         12|
    |ray_bundle_ARUSER                          |   21|          4|    1|          4|
    |ray_bundle_ARVALID                         |   21|          4|    1|          4|
    |ray_bundle_RREADY                          |   21|          4|    1|          4|
    |res_bundle_AWADDR                          |   21|          4|   32|        128|
    |res_bundle_WDATA                           |   15|          3|   32|         96|
    |res_bundle_blk_n_AW                        |    9|          2|    1|          2|
    |res_bundle_blk_n_B                         |    9|          2|    1|          2|
    |res_bundle_blk_n_W                         |    9|          2|    1|          2|
    |triangle_bundle_ARADDR                     |   15|          3|   32|         96|
    |triangle_bundle_ARBURST                    |   15|          3|    2|          6|
    |triangle_bundle_ARCACHE                    |   15|          3|    4|         12|
    |triangle_bundle_ARID                       |   15|          3|    1|          3|
    |triangle_bundle_ARLEN                      |   15|          3|   32|         96|
    |triangle_bundle_ARLOCK                     |   15|          3|    2|          6|
    |triangle_bundle_ARPROT                     |   15|          3|    3|          9|
    |triangle_bundle_ARQOS                      |   15|          3|    4|         12|
    |triangle_bundle_ARREGION                   |   15|          3|    4|         12|
    |triangle_bundle_ARSIZE                     |   15|          3|    3|          9|
    |triangle_bundle_ARUSER                     |   15|          3|    1|          3|
    |triangle_bundle_ARVALID                    |   15|          3|    1|          3|
    |triangle_bundle_RREADY                     |   15|          3|    1|          3|
    +-------------------------------------------+-----+-----------+-----+-----------+
    |Total                                      | 1359|        279|  736|       3028|
    +-------------------------------------------+-----+-----------+-----+-----------+

    * Register: 
    +----------------------------------------+----+----+-----+-----------+
    |                  Name                  | FF | LUT| Bits| Const Bits|
    +----------------------------------------+----+----+-----+-----------+
    |and_ln42_reg_1174                       |   1|   0|    1|          0|
    |and_ln53_reg_1204                       |   1|   0|    1|          0|
    |and_ln60_1_reg_1254                     |   1|   0|    1|          0|
    |and_ln60_reg_1240                       |   1|   0|    1|          0|
    |and_ln65_reg_1268                       |   1|   0|    1|          0|
    |ap_CS_fsm                               |  97|   0|   97|          0|
    |dir_x3_reg_1095                         |  30|   0|   30|          0|
    |dir_y5_reg_1088                         |  30|   0|   30|          0|
    |dir_z7_reg_1081                         |  30|   0|   30|          0|
    |grp_crossProduct_1_fu_335_ap_start_reg  |   1|   0|    1|          0|
    |grp_dotProduct_2_fu_347_ap_start_reg    |   1|   0|    1|          0|
    |grp_operator_1_fu_359_ap_start_reg      |   1|   0|    1|          0|
    |grp_operator_sub_fu_371_ap_start_reg    |   1|   0|    1|          0|
    |icmp_ln60_2_reg_1244                    |   1|   0|    1|          0|
    |icmp_ln60_3_reg_1249                    |   1|   0|    1|          0|
    |icmp_ln65_1_reg_1263                    |   1|   0|    1|          0|
    |icmp_ln65_reg_1258                      |   1|   0|    1|          0|
    |invDet_reg_1199                         |  32|   0|   32|          0|
    |orig_x1_reg_1076                        |  30|   0|   30|          0|
    |orig_y1_reg_1071                        |  30|   0|   30|          0|
    |orig_z1_reg_1066                        |  30|   0|   30|          0|
    |p_0_reg_318                             |   1|   0|    1|          0|
    |pvec_x_reg_1141                         |  32|   0|   32|          0|
    |pvec_y_reg_1146                         |  32|   0|   32|          0|
    |pvec_z_reg_1151                         |  32|   0|   32|          0|
    |qvec_y_reg_1223                         |  32|   0|   32|          0|
    |qvec_z_reg_1229                         |  32|   0|   32|          0|
    |reg_451                                 |  32|   0|   32|          0|
    |reg_461                                 |  32|   0|   32|          0|
    |reg_466                                 |  32|   0|   32|          0|
    |reg_477                                 |  32|   0|   32|          0|
    |reg_483                                 |  32|   0|   32|          0|
    |reg_491                                 |  32|   0|   32|          0|
    |res_bundle_addr_1_reg_1162              |  30|   0|   32|          2|
    |res_bundle_addr_2_reg_1168              |  30|   0|   32|          2|
    |res_bundle_addr_reg_1156                |  30|   0|   32|          2|
    |t1_reg_1010                             |  30|   0|   30|          0|
    |tmp_19_reg_1235                         |  32|   0|   32|          0|
    |tmp_21_i_reg_1208                       |  32|   0|   32|          0|
    |tmp_22_i_reg_1213                       |  32|   0|   32|          0|
    |tmp_23_i_reg_1218                       |  32|   0|   32|          0|
    |tvec_x_reg_1178                         |  32|   0|   32|          0|
    |tvec_y_reg_1185                         |  32|   0|   32|          0|
    |tvec_z_reg_1192                         |  32|   0|   32|          0|
    |u1_reg_1005                             |  30|   0|   30|          0|
    |v0_x1_reg_1059                          |  30|   0|   30|          0|
    |v0_y1_reg_1052                          |  30|   0|   30|          0|
    |v0_z1_reg_1045                          |  30|   0|   30|          0|
    |v0v1_x_reg_1102                         |  32|   0|   32|          0|
    |v0v1_y_reg_1109                         |  32|   0|   32|          0|
    |v0v1_z_reg_1116                         |  32|   0|   32|          0|
    |v0v2_x_reg_1123                         |  32|   0|   32|          0|
    |v0v2_y_reg_1129                         |  32|   0|   32|          0|
    |v0v2_z_reg_1135                         |  32|   0|   32|          0|
    |v1_reg_1000                             |  30|   0|   30|          0|
    |v1_x1_reg_1040                          |  30|   0|   30|          0|
    |v1_y1_reg_1035                          |  30|   0|   30|          0|
    |v1_z1_reg_1030                          |  30|   0|   30|          0|
    |v2_x1_reg_1025                          |  30|   0|   30|          0|
    |v2_y1_reg_1020                          |  30|   0|   30|          0|
    |v2_z1_reg_1015                          |  30|   0|   30|          0|
    +----------------------------------------+----+----+-----+-----------+
    |Total                                   |1541|   0| 1547|          6|
    +----------------------------------------+----+----+-----+-----------+



================================================================
== Interface
================================================================
* Summary: 
+--------------------------------+-----+-----+------------+-----------------+--------------+
|            RTL Ports           | Dir | Bits|  Protocol  |  Source Object  |    C Type    |
+--------------------------------+-----+-----+------------+-----------------+--------------+
|s_axi_ret_bundle_AWVALID        |  in |    1|    s_axi   |    ret_bundle   |    scalar    |
|s_axi_ret_bundle_AWREADY        | out |    1|    s_axi   |    ret_bundle   |    scalar    |
|s_axi_ret_bundle_AWADDR         |  in |    8|    s_axi   |    ret_bundle   |    scalar    |
|s_axi_ret_bundle_WVALID         |  in |    1|    s_axi   |    ret_bundle   |    scalar    |
|s_axi_ret_bundle_WREADY         | out |    1|    s_axi   |    ret_bundle   |    scalar    |
|s_axi_ret_bundle_WDATA          |  in |   32|    s_axi   |    ret_bundle   |    scalar    |
|s_axi_ret_bundle_WSTRB          |  in |    4|    s_axi   |    ret_bundle   |    scalar    |
|s_axi_ret_bundle_ARVALID        |  in |    1|    s_axi   |    ret_bundle   |    scalar    |
|s_axi_ret_bundle_ARREADY        | out |    1|    s_axi   |    ret_bundle   |    scalar    |
|s_axi_ret_bundle_ARADDR         |  in |    8|    s_axi   |    ret_bundle   |    scalar    |
|s_axi_ret_bundle_RVALID         | out |    1|    s_axi   |    ret_bundle   |    scalar    |
|s_axi_ret_bundle_RREADY         |  in |    1|    s_axi   |    ret_bundle   |    scalar    |
|s_axi_ret_bundle_RDATA          | out |   32|    s_axi   |    ret_bundle   |    scalar    |
|s_axi_ret_bundle_RRESP          | out |    2|    s_axi   |    ret_bundle   |    scalar    |
|s_axi_ret_bundle_BVALID         | out |    1|    s_axi   |    ret_bundle   |    scalar    |
|s_axi_ret_bundle_BREADY         |  in |    1|    s_axi   |    ret_bundle   |    scalar    |
|s_axi_ret_bundle_BRESP          | out |    2|    s_axi   |    ret_bundle   |    scalar    |
|ap_clk                          |  in |    1| ap_ctrl_hs |      rayTI      | return value |
|ap_rst_n                        |  in |    1| ap_ctrl_hs |      rayTI      | return value |
|interrupt                       | out |    1| ap_ctrl_hs |      rayTI      | return value |
|m_axi_ray_bundle_AWVALID        | out |    1|    m_axi   |    ray_bundle   |    pointer   |
|m_axi_ray_bundle_AWREADY        |  in |    1|    m_axi   |    ray_bundle   |    pointer   |
|m_axi_ray_bundle_AWADDR         | out |   32|    m_axi   |    ray_bundle   |    pointer   |
|m_axi_ray_bundle_AWID           | out |    1|    m_axi   |    ray_bundle   |    pointer   |
|m_axi_ray_bundle_AWLEN          | out |    8|    m_axi   |    ray_bundle   |    pointer   |
|m_axi_ray_bundle_AWSIZE         | out |    3|    m_axi   |    ray_bundle   |    pointer   |
|m_axi_ray_bundle_AWBURST        | out |    2|    m_axi   |    ray_bundle   |    pointer   |
|m_axi_ray_bundle_AWLOCK         | out |    2|    m_axi   |    ray_bundle   |    pointer   |
|m_axi_ray_bundle_AWCACHE        | out |    4|    m_axi   |    ray_bundle   |    pointer   |
|m_axi_ray_bundle_AWPROT         | out |    3|    m_axi   |    ray_bundle   |    pointer   |
|m_axi_ray_bundle_AWQOS          | out |    4|    m_axi   |    ray_bundle   |    pointer   |
|m_axi_ray_bundle_AWREGION       | out |    4|    m_axi   |    ray_bundle   |    pointer   |
|m_axi_ray_bundle_AWUSER         | out |    1|    m_axi   |    ray_bundle   |    pointer   |
|m_axi_ray_bundle_WVALID         | out |    1|    m_axi   |    ray_bundle   |    pointer   |
|m_axi_ray_bundle_WREADY         |  in |    1|    m_axi   |    ray_bundle   |    pointer   |
|m_axi_ray_bundle_WDATA          | out |   32|    m_axi   |    ray_bundle   |    pointer   |
|m_axi_ray_bundle_WSTRB          | out |    4|    m_axi   |    ray_bundle   |    pointer   |
|m_axi_ray_bundle_WLAST          | out |    1|    m_axi   |    ray_bundle   |    pointer   |
|m_axi_ray_bundle_WID            | out |    1|    m_axi   |    ray_bundle   |    pointer   |
|m_axi_ray_bundle_WUSER          | out |    1|    m_axi   |    ray_bundle   |    pointer   |
|m_axi_ray_bundle_ARVALID        | out |    1|    m_axi   |    ray_bundle   |    pointer   |
|m_axi_ray_bundle_ARREADY        |  in |    1|    m_axi   |    ray_bundle   |    pointer   |
|m_axi_ray_bundle_ARADDR         | out |   32|    m_axi   |    ray_bundle   |    pointer   |
|m_axi_ray_bundle_ARID           | out |    1|    m_axi   |    ray_bundle   |    pointer   |
|m_axi_ray_bundle_ARLEN          | out |    8|    m_axi   |    ray_bundle   |    pointer   |
|m_axi_ray_bundle_ARSIZE         | out |    3|    m_axi   |    ray_bundle   |    pointer   |
|m_axi_ray_bundle_ARBURST        | out |    2|    m_axi   |    ray_bundle   |    pointer   |
|m_axi_ray_bundle_ARLOCK         | out |    2|    m_axi   |    ray_bundle   |    pointer   |
|m_axi_ray_bundle_ARCACHE        | out |    4|    m_axi   |    ray_bundle   |    pointer   |
|m_axi_ray_bundle_ARPROT         | out |    3|    m_axi   |    ray_bundle   |    pointer   |
|m_axi_ray_bundle_ARQOS          | out |    4|    m_axi   |    ray_bundle   |    pointer   |
|m_axi_ray_bundle_ARREGION       | out |    4|    m_axi   |    ray_bundle   |    pointer   |
|m_axi_ray_bundle_ARUSER         | out |    1|    m_axi   |    ray_bundle   |    pointer   |
|m_axi_ray_bundle_RVALID         |  in |    1|    m_axi   |    ray_bundle   |    pointer   |
|m_axi_ray_bundle_RREADY         | out |    1|    m_axi   |    ray_bundle   |    pointer   |
|m_axi_ray_bundle_RDATA          |  in |   32|    m_axi   |    ray_bundle   |    pointer   |
|m_axi_ray_bundle_RLAST          |  in |    1|    m_axi   |    ray_bundle   |    pointer   |
|m_axi_ray_bundle_RID            |  in |    1|    m_axi   |    ray_bundle   |    pointer   |
|m_axi_ray_bundle_RUSER          |  in |    1|    m_axi   |    ray_bundle   |    pointer   |
|m_axi_ray_bundle_RRESP          |  in |    2|    m_axi   |    ray_bundle   |    pointer   |
|m_axi_ray_bundle_BVALID         |  in |    1|    m_axi   |    ray_bundle   |    pointer   |
|m_axi_ray_bundle_BREADY         | out |    1|    m_axi   |    ray_bundle   |    pointer   |
|m_axi_ray_bundle_BRESP          |  in |    2|    m_axi   |    ray_bundle   |    pointer   |
|m_axi_ray_bundle_BID            |  in |    1|    m_axi   |    ray_bundle   |    pointer   |
|m_axi_ray_bundle_BUSER          |  in |    1|    m_axi   |    ray_bundle   |    pointer   |
|m_axi_triangle_bundle_AWVALID   | out |    1|    m_axi   | triangle_bundle |    pointer   |
|m_axi_triangle_bundle_AWREADY   |  in |    1|    m_axi   | triangle_bundle |    pointer   |
|m_axi_triangle_bundle_AWADDR    | out |   32|    m_axi   | triangle_bundle |    pointer   |
|m_axi_triangle_bundle_AWID      | out |    1|    m_axi   | triangle_bundle |    pointer   |
|m_axi_triangle_bundle_AWLEN     | out |    8|    m_axi   | triangle_bundle |    pointer   |
|m_axi_triangle_bundle_AWSIZE    | out |    3|    m_axi   | triangle_bundle |    pointer   |
|m_axi_triangle_bundle_AWBURST   | out |    2|    m_axi   | triangle_bundle |    pointer   |
|m_axi_triangle_bundle_AWLOCK    | out |    2|    m_axi   | triangle_bundle |    pointer   |
|m_axi_triangle_bundle_AWCACHE   | out |    4|    m_axi   | triangle_bundle |    pointer   |
|m_axi_triangle_bundle_AWPROT    | out |    3|    m_axi   | triangle_bundle |    pointer   |
|m_axi_triangle_bundle_AWQOS     | out |    4|    m_axi   | triangle_bundle |    pointer   |
|m_axi_triangle_bundle_AWREGION  | out |    4|    m_axi   | triangle_bundle |    pointer   |
|m_axi_triangle_bundle_AWUSER    | out |    1|    m_axi   | triangle_bundle |    pointer   |
|m_axi_triangle_bundle_WVALID    | out |    1|    m_axi   | triangle_bundle |    pointer   |
|m_axi_triangle_bundle_WREADY    |  in |    1|    m_axi   | triangle_bundle |    pointer   |
|m_axi_triangle_bundle_WDATA     | out |   32|    m_axi   | triangle_bundle |    pointer   |
|m_axi_triangle_bundle_WSTRB     | out |    4|    m_axi   | triangle_bundle |    pointer   |
|m_axi_triangle_bundle_WLAST     | out |    1|    m_axi   | triangle_bundle |    pointer   |
|m_axi_triangle_bundle_WID       | out |    1|    m_axi   | triangle_bundle |    pointer   |
|m_axi_triangle_bundle_WUSER     | out |    1|    m_axi   | triangle_bundle |    pointer   |
|m_axi_triangle_bundle_ARVALID   | out |    1|    m_axi   | triangle_bundle |    pointer   |
|m_axi_triangle_bundle_ARREADY   |  in |    1|    m_axi   | triangle_bundle |    pointer   |
|m_axi_triangle_bundle_ARADDR    | out |   32|    m_axi   | triangle_bundle |    pointer   |
|m_axi_triangle_bundle_ARID      | out |    1|    m_axi   | triangle_bundle |    pointer   |
|m_axi_triangle_bundle_ARLEN     | out |    8|    m_axi   | triangle_bundle |    pointer   |
|m_axi_triangle_bundle_ARSIZE    | out |    3|    m_axi   | triangle_bundle |    pointer   |
|m_axi_triangle_bundle_ARBURST   | out |    2|    m_axi   | triangle_bundle |    pointer   |
|m_axi_triangle_bundle_ARLOCK    | out |    2|    m_axi   | triangle_bundle |    pointer   |
|m_axi_triangle_bundle_ARCACHE   | out |    4|    m_axi   | triangle_bundle |    pointer   |
|m_axi_triangle_bundle_ARPROT    | out |    3|    m_axi   | triangle_bundle |    pointer   |
|m_axi_triangle_bundle_ARQOS     | out |    4|    m_axi   | triangle_bundle |    pointer   |
|m_axi_triangle_bundle_ARREGION  | out |    4|    m_axi   | triangle_bundle |    pointer   |
|m_axi_triangle_bundle_ARUSER    | out |    1|    m_axi   | triangle_bundle |    pointer   |
|m_axi_triangle_bundle_RVALID    |  in |    1|    m_axi   | triangle_bundle |    pointer   |
|m_axi_triangle_bundle_RREADY    | out |    1|    m_axi   | triangle_bundle |    pointer   |
|m_axi_triangle_bundle_RDATA     |  in |   32|    m_axi   | triangle_bundle |    pointer   |
|m_axi_triangle_bundle_RLAST     |  in |    1|    m_axi   | triangle_bundle |    pointer   |
|m_axi_triangle_bundle_RID       |  in |    1|    m_axi   | triangle_bundle |    pointer   |
|m_axi_triangle_bundle_RUSER     |  in |    1|    m_axi   | triangle_bundle |    pointer   |
|m_axi_triangle_bundle_RRESP     |  in |    2|    m_axi   | triangle_bundle |    pointer   |
|m_axi_triangle_bundle_BVALID    |  in |    1|    m_axi   | triangle_bundle |    pointer   |
|m_axi_triangle_bundle_BREADY    | out |    1|    m_axi   | triangle_bundle |    pointer   |
|m_axi_triangle_bundle_BRESP     |  in |    2|    m_axi   | triangle_bundle |    pointer   |
|m_axi_triangle_bundle_BID       |  in |    1|    m_axi   | triangle_bundle |    pointer   |
|m_axi_triangle_bundle_BUSER     |  in |    1|    m_axi   | triangle_bundle |    pointer   |
|m_axi_res_bundle_AWVALID        | out |    1|    m_axi   |    res_bundle   |    pointer   |
|m_axi_res_bundle_AWREADY        |  in |    1|    m_axi   |    res_bundle   |    pointer   |
|m_axi_res_bundle_AWADDR         | out |   32|    m_axi   |    res_bundle   |    pointer   |
|m_axi_res_bundle_AWID           | out |    1|    m_axi   |    res_bundle   |    pointer   |
|m_axi_res_bundle_AWLEN          | out |    8|    m_axi   |    res_bundle   |    pointer   |
|m_axi_res_bundle_AWSIZE         | out |    3|    m_axi   |    res_bundle   |    pointer   |
|m_axi_res_bundle_AWBURST        | out |    2|    m_axi   |    res_bundle   |    pointer   |
|m_axi_res_bundle_AWLOCK         | out |    2|    m_axi   |    res_bundle   |    pointer   |
|m_axi_res_bundle_AWCACHE        | out |    4|    m_axi   |    res_bundle   |    pointer   |
|m_axi_res_bundle_AWPROT         | out |    3|    m_axi   |    res_bundle   |    pointer   |
|m_axi_res_bundle_AWQOS          | out |    4|    m_axi   |    res_bundle   |    pointer   |
|m_axi_res_bundle_AWREGION       | out |    4|    m_axi   |    res_bundle   |    pointer   |
|m_axi_res_bundle_AWUSER         | out |    1|    m_axi   |    res_bundle   |    pointer   |
|m_axi_res_bundle_WVALID         | out |    1|    m_axi   |    res_bundle   |    pointer   |
|m_axi_res_bundle_WREADY         |  in |    1|    m_axi   |    res_bundle   |    pointer   |
|m_axi_res_bundle_WDATA          | out |   32|    m_axi   |    res_bundle   |    pointer   |
|m_axi_res_bundle_WSTRB          | out |    4|    m_axi   |    res_bundle   |    pointer   |
|m_axi_res_bundle_WLAST          | out |    1|    m_axi   |    res_bundle   |    pointer   |
|m_axi_res_bundle_WID            | out |    1|    m_axi   |    res_bundle   |    pointer   |
|m_axi_res_bundle_WUSER          | out |    1|    m_axi   |    res_bundle   |    pointer   |
|m_axi_res_bundle_ARVALID        | out |    1|    m_axi   |    res_bundle   |    pointer   |
|m_axi_res_bundle_ARREADY        |  in |    1|    m_axi   |    res_bundle   |    pointer   |
|m_axi_res_bundle_ARADDR         | out |   32|    m_axi   |    res_bundle   |    pointer   |
|m_axi_res_bundle_ARID           | out |    1|    m_axi   |    res_bundle   |    pointer   |
|m_axi_res_bundle_ARLEN          | out |    8|    m_axi   |    res_bundle   |    pointer   |
|m_axi_res_bundle_ARSIZE         | out |    3|    m_axi   |    res_bundle   |    pointer   |
|m_axi_res_bundle_ARBURST        | out |    2|    m_axi   |    res_bundle   |    pointer   |
|m_axi_res_bundle_ARLOCK         | out |    2|    m_axi   |    res_bundle   |    pointer   |
|m_axi_res_bundle_ARCACHE        | out |    4|    m_axi   |    res_bundle   |    pointer   |
|m_axi_res_bundle_ARPROT         | out |    3|    m_axi   |    res_bundle   |    pointer   |
|m_axi_res_bundle_ARQOS          | out |    4|    m_axi   |    res_bundle   |    pointer   |
|m_axi_res_bundle_ARREGION       | out |    4|    m_axi   |    res_bundle   |    pointer   |
|m_axi_res_bundle_ARUSER         | out |    1|    m_axi   |    res_bundle   |    pointer   |
|m_axi_res_bundle_RVALID         |  in |    1|    m_axi   |    res_bundle   |    pointer   |
|m_axi_res_bundle_RREADY         | out |    1|    m_axi   |    res_bundle   |    pointer   |
|m_axi_res_bundle_RDATA          |  in |   32|    m_axi   |    res_bundle   |    pointer   |
|m_axi_res_bundle_RLAST          |  in |    1|    m_axi   |    res_bundle   |    pointer   |
|m_axi_res_bundle_RID            |  in |    1|    m_axi   |    res_bundle   |    pointer   |
|m_axi_res_bundle_RUSER          |  in |    1|    m_axi   |    res_bundle   |    pointer   |
|m_axi_res_bundle_RRESP          |  in |    2|    m_axi   |    res_bundle   |    pointer   |
|m_axi_res_bundle_BVALID         |  in |    1|    m_axi   |    res_bundle   |    pointer   |
|m_axi_res_bundle_BREADY         | out |    1|    m_axi   |    res_bundle   |    pointer   |
|m_axi_res_bundle_BRESP          |  in |    2|    m_axi   |    res_bundle   |    pointer   |
|m_axi_res_bundle_BID            |  in |    1|    m_axi   |    res_bundle   |    pointer   |
|m_axi_res_bundle_BUSER          |  in |    1|    m_axi   |    res_bundle   |    pointer   |
+--------------------------------+-----+-----+------------+-----------------+--------------+

