#-----------------------------------------------------------
# Vivado v2020.1 (64-bit)
# SW Build 2902540 on Wed May 27 19:54:35 MDT 2020
# IP Build 2902112 on Wed May 27 22:43:36 MDT 2020
# Start of session at: Mon Oct 12 12:29:46 2020
# Process ID: 13407
# Current directory: /run/media/nikolas/Linux_Data/Git_Repos/RayTracing_FPGA/hardware_implementation/base_hardware_project/Base_System_Vivado_project/Base_System_Vivado_project.runs/impl_1
# Command line: vivado -log Base_Block_Diagram_wrapper.vdi -applog -product Vivado -messageDb vivado.pb -mode batch -source Base_Block_Diagram_wrapper.tcl -notrace
# Log file: /run/media/nikolas/Linux_Data/Git_Repos/RayTracing_FPGA/hardware_implementation/base_hardware_project/Base_System_Vivado_project/Base_System_Vivado_project.runs/impl_1/Base_Block_Diagram_wrapper.vdi
# Journal file: /run/media/nikolas/Linux_Data/Git_Repos/RayTracing_FPGA/hardware_implementation/base_hardware_project/Base_System_Vivado_project/Base_System_Vivado_project.runs/impl_1/vivado.jou
#-----------------------------------------------------------
source Base_Block_Diagram_wrapper.tcl -notrace
